// Jest Snapshot v1, https://goo.gl/fbAQLP

exports[`DocumentationSidebarRight correctly matches snapshot 1`] = `
<div>
  <nav
    class="css-1u2eykn"
    data-sidebar="true"
  >
    <a
      class="css-133kli4"
      href="#base-level-heading"
      style="padding-left: 0px;"
    >
      Base level heading
    </a>
    <a
      class="css-i9elgv"
      href="#level-3-subheading"
      style="padding-left: 16px;"
    >
      Level 3 subheading
    </a>
    <a
      class="css-fft23p"
      href="#code-heading-depth-1"
      style="padding-left: 16px;"
    >
      Code heading depth 1
    </a>
  </nav>
</div>
`;
